[ 2025-07-19 23:40:56,215 ] 1026 httpx - INFO - HTTP Request: GET https://dagshub.com/api/v1/user "HTTP/1.1 200 OK"
[ 2025-07-19 23:40:56,229 ] 107 dagshub - INFO - Accessing as harman090106
[ 2025-07-19 23:40:57,722 ] 1026 httpx - INFO - HTTP Request: GET https://dagshub.com/api/v1/repos/harman090106/Network_Security "HTTP/1.1 200 OK"
[ 2025-07-19 23:40:59,274 ] 1026 httpx - INFO - HTTP Request: GET https://dagshub.com/api/v1/user "HTTP/1.1 200 OK"
[ 2025-07-19 23:40:59,282 ] 107 dagshub - INFO - Initialized MLflow to track repo "harman090106/Network_Security"
[ 2025-07-19 23:40:59,285 ] 107 dagshub - INFO - Repository harman090106/Network_Security initialized!
[ 2025-07-19 23:42:34,635 ] 42 root - INFO - Start data Ingestion
[ 2025-07-19 23:42:40,669 ] 64 root - INFO - Performed train test split on the dataframe
[ 2025-07-19 23:42:40,669 ] 66 root - INFO - Exited split_data_as_train_test method of Data_Ingestion class
[ 2025-07-19 23:42:40,670 ] 74 root - INFO - Exporting train and test file path.
[ 2025-07-19 23:42:40,918 ] 83 root - INFO - Exported train and test file path.
[ 2025-07-19 23:42:40,920 ] 45 root - INFO - Data Ingestion completed and artifact: DataIngestionArtifact(trained_file_path='Artifacts\\07_19_2025_23_40_44\\data_ingestion\\ingested\\train.csv', test_file_path='Artifacts\\07_19_2025_23_40_44\\data_ingestion\\ingested\\test.csv')
[ 2025-07-19 23:42:40,942 ] 55 root - INFO - Initiate the data Validation
[ 2025-07-19 23:42:41,221 ] 32 root - INFO - Required number of columns:2
[ 2025-07-19 23:42:41,221 ] 33 root - INFO - Data frame has columns:31
[ 2025-07-19 23:42:41,221 ] 32 root - INFO - Required number of columns:2
[ 2025-07-19 23:42:41,221 ] 33 root - INFO - Data frame has columns:31
[ 2025-07-19 23:42:42,194 ] 63 root - INFO - Entered initiate_data_transformation method of DataTransformation class
[ 2025-07-19 23:42:42,194 ] 65 root - INFO - Starting data transformation
[ 2025-07-19 23:42:42,304 ] 48 root - INFO - Entered get_data_trnasformer_object method of Trnasformation class
[ 2025-07-19 23:42:42,305 ] 53 root - INFO - Initialise KNNImputer with {'missing_values': nan, 'n_neighbors': 3, 'weights': 'uniform'}
[ 2025-07-19 23:42:42,362 ] 46 root - INFO - Entered the save_object method of MainUtils class
[ 2025-07-19 23:42:42,377 ] 50 root - INFO - Exited the save_object method of MainUtils class
[ 2025-07-19 23:42:42,377 ] 46 root - INFO - Entered the save_object method of MainUtils class
[ 2025-07-19 23:42:42,391 ] 50 root - INFO - Exited the save_object method of MainUtils class
