[ 2025-07-19 23:01:35,229 ] 1026 httpx - INFO - HTTP Request: GET https://dagshub.com/api/v1/user "HTTP/1.1 200 OK"
[ 2025-07-19 23:01:35,256 ] 107 dagshub - INFO - Accessing as harman090106
[ 2025-07-19 23:01:36,815 ] 1026 httpx - INFO - HTTP Request: GET https://dagshub.com/api/v1/repos/harman090106/Network_Security "HTTP/1.1 200 OK"
[ 2025-07-19 23:01:38,693 ] 1026 httpx - INFO - HTTP Request: GET https://dagshub.com/api/v1/user "HTTP/1.1 200 OK"
[ 2025-07-19 23:01:38,700 ] 107 dagshub - INFO - Initialized MLflow to track repo "harman090106/Network_Security"
[ 2025-07-19 23:01:38,702 ] 107 dagshub - INFO - Repository harman090106/Network_Security initialized!
[ 2025-07-19 23:01:38,704 ] 19 root - INFO - Initiate the data ingestion
[ 2025-07-19 23:01:43,787 ] 64 root - INFO - Performed train test split on the dataframe
[ 2025-07-19 23:01:43,787 ] 66 root - INFO - Exited split_data_as_train_test method of Data_Ingestion class
[ 2025-07-19 23:01:43,789 ] 74 root - INFO - Exporting train and test file path.
[ 2025-07-19 23:01:43,945 ] 83 root - INFO - Exported train and test file path.
[ 2025-07-19 23:01:43,948 ] 21 root - INFO - Data Initiation Completed
[ 2025-07-19 23:01:43,964 ] 25 root - INFO - Initiate the data Validation
[ 2025-07-19 23:01:44,090 ] 32 root - INFO - Required number of columns:2
[ 2025-07-19 23:01:44,090 ] 33 root - INFO - Data frame has columns:31
[ 2025-07-19 23:01:44,090 ] 32 root - INFO - Required number of columns:2
[ 2025-07-19 23:01:44,090 ] 33 root - INFO - Data frame has columns:31
[ 2025-07-19 23:01:44,427 ] 27 root - INFO - data Validation Completed
[ 2025-07-19 23:01:44,428 ] 30 root - INFO - data Transformation started
[ 2025-07-19 23:01:44,428 ] 63 root - INFO - Entered initiate_data_transformation method of DataTransformation class
[ 2025-07-19 23:01:44,429 ] 65 root - INFO - Starting data transformation
[ 2025-07-19 23:01:44,510 ] 48 root - INFO - Entered get_data_trnasformer_object method of Trnasformation class
[ 2025-07-19 23:01:44,511 ] 53 root - INFO - Initialise KNNImputer with {'missing_values': nan, 'n_neighbors': 3, 'weights': 'uniform'}
[ 2025-07-19 23:01:44,615 ] 46 root - INFO - Entered the save_object method of MainUtils class
[ 2025-07-19 23:01:44,658 ] 50 root - INFO - Exited the save_object method of MainUtils class
[ 2025-07-19 23:01:44,659 ] 46 root - INFO - Entered the save_object method of MainUtils class
[ 2025-07-19 23:01:44,671 ] 50 root - INFO - Exited the save_object method of MainUtils class
[ 2025-07-19 23:01:44,675 ] 34 root - INFO - data Transformation completed
[ 2025-07-19 23:01:44,675 ] 36 root - INFO - Model Training sstared
