[ 2025-07-19 23:20:26,666 ] 1026 httpx - INFO - HTTP Request: GET https://dagshub.com/api/v1/user "HTTP/1.1 200 OK"
[ 2025-07-19 23:20:26,695 ] 107 dagshub - INFO - Accessing as harman090106
[ 2025-07-19 23:20:28,128 ] 1026 httpx - INFO - HTTP Request: GET https://dagshub.com/api/v1/repos/harman090106/Network_Security "HTTP/1.1 200 OK"
[ 2025-07-19 23:20:29,925 ] 1026 httpx - INFO - HTTP Request: GET https://dagshub.com/api/v1/user "HTTP/1.1 200 OK"
[ 2025-07-19 23:20:29,929 ] 107 dagshub - INFO - Initialized MLflow to track repo "harman090106/Network_Security"
[ 2025-07-19 23:20:29,930 ] 107 dagshub - INFO - Repository harman090106/Network_Security initialized!
[ 2025-07-19 23:20:29,931 ] 19 root - INFO - Initiate the data ingestion
[ 2025-07-19 23:20:36,770 ] 64 root - INFO - Performed train test split on the dataframe
[ 2025-07-19 23:20:36,771 ] 66 root - INFO - Exited split_data_as_train_test method of Data_Ingestion class
[ 2025-07-19 23:20:36,772 ] 74 root - INFO - Exporting train and test file path.
[ 2025-07-19 23:20:37,280 ] 83 root - INFO - Exported train and test file path.
[ 2025-07-19 23:20:37,282 ] 21 root - INFO - Data Initiation Completed
[ 2025-07-19 23:20:37,338 ] 25 root - INFO - Initiate the data Validation
[ 2025-07-19 23:20:37,763 ] 32 root - INFO - Required number of columns:2
[ 2025-07-19 23:20:37,764 ] 33 root - INFO - Data frame has columns:31
[ 2025-07-19 23:20:37,764 ] 32 root - INFO - Required number of columns:2
[ 2025-07-19 23:20:37,764 ] 33 root - INFO - Data frame has columns:31
[ 2025-07-19 23:20:38,448 ] 27 root - INFO - data Validation Completed
[ 2025-07-19 23:20:38,450 ] 30 root - INFO - data Transformation started
[ 2025-07-19 23:20:38,450 ] 63 root - INFO - Entered initiate_data_transformation method of DataTransformation class
[ 2025-07-19 23:20:38,450 ] 65 root - INFO - Starting data transformation
[ 2025-07-19 23:20:38,617 ] 48 root - INFO - Entered get_data_trnasformer_object method of Trnasformation class
[ 2025-07-19 23:20:38,617 ] 53 root - INFO - Initialise KNNImputer with {'missing_values': nan, 'n_neighbors': 3, 'weights': 'uniform'}
[ 2025-07-19 23:20:38,685 ] 46 root - INFO - Entered the save_object method of MainUtils class
[ 2025-07-19 23:20:38,718 ] 50 root - INFO - Exited the save_object method of MainUtils class
[ 2025-07-19 23:20:38,719 ] 46 root - INFO - Entered the save_object method of MainUtils class
[ 2025-07-19 23:20:38,736 ] 50 root - INFO - Exited the save_object method of MainUtils class
[ 2025-07-19 23:20:38,744 ] 34 root - INFO - data Transformation completed
[ 2025-07-19 23:20:38,745 ] 36 root - INFO - Model Training sstared
[ 2025-07-19 23:28:56,057 ] 870 urllib3.connectionpool - WARNING - Retrying (Retry(total=6, connect=6, read=7, redirect=7, status=7)) after connection broken by 'ConnectTimeoutError(<urllib3.connection.HTTPSConnection object at 0x000002C4E9045F10>, 'Connection to dagshub.com timed out. (connect timeout=120)')': /harman090106/Network_Security.mlflow/api/2.0/mlflow/runs/create
[ 2025-07-19 23:29:21,273 ] 870 urllib3.connectionpool - WARNING - Retrying (Retry(total=5, connect=5, read=7, redirect=7, status=7)) after connection broken by 'ConnectTimeoutError(<urllib3.connection.HTTPSConnection object at 0x000002C4E90445F0>, 'Connection to dagshub.com timed out. (connect timeout=120)')': /harman090106/Network_Security.mlflow/api/2.0/mlflow/runs/create
[ 2025-07-19 23:29:51,178 ] 870 urllib3.connectionpool - WARNING - Retrying (Retry(total=4, connect=4, read=7, redirect=7, status=7)) after connection broken by 'ConnectTimeoutError(<urllib3.connection.HTTPSConnection object at 0x000002C4E7348C20>, 'Connection to dagshub.com timed out. (connect timeout=120)')': /harman090106/Network_Security.mlflow/api/2.0/mlflow/runs/create
[ 2025-07-19 23:30:28,794 ] 870 urllib3.connectionpool - WARNING - Retrying (Retry(total=3, connect=3, read=7, redirect=7, status=7)) after connection broken by 'ConnectTimeoutError(<urllib3.connection.HTTPSConnection object at 0x000002C4E7349940>, 'Connection to dagshub.com timed out. (connect timeout=120)')': /harman090106/Network_Security.mlflow/api/2.0/mlflow/runs/create
[ 2025-07-19 23:31:22,746 ] 870 urllib3.connectionpool - WARNING - Retrying (Retry(total=2, connect=2, read=7, redirect=7, status=7)) after connection broken by 'ConnectTimeoutError(<urllib3.connection.HTTPSConnection object at 0x000002C4E73487D0>, 'Connection to dagshub.com timed out. (connect timeout=120)')': /harman090106/Network_Security.mlflow/api/2.0/mlflow/runs/create
[ 2025-07-19 23:31:36,297 ] 46 root - INFO - Entered the save_object method of MainUtils class
[ 2025-07-19 23:31:36,327 ] 50 root - INFO - Exited the save_object method of MainUtils class
[ 2025-07-19 23:31:36,329 ] 46 root - INFO - Entered the save_object method of MainUtils class
[ 2025-07-19 23:31:37,853 ] 50 root - INFO - Exited the save_object method of MainUtils class
[ 2025-07-19 23:31:37,866 ] 154 root - INFO - Model trainer artifact: ModelTrainerArtifact(trained_model_file_path='Artifacts\\07_19_2025_23_20_09\\model_trainer\\trained_model\\model.pkl', train_metric_artifact=ClassificationMetricArtifact(f1_score=0.9910678034916768, precision_score=0.9882591093117409, recall_score=0.9938925081433225), test_metric_artifact=ClassificationMetricArtifact(f1_score=0.9760574620909817, precision_score=0.9698651863600317, recall_score=0.9823293172690764))
[ 2025-07-19 23:31:37,906 ] 41 root - INFO - Model Training artifact created
